// Vitest Snapshot v1, https://vitest.dev/guide/snapshot.html

exports[`Annotations > JSDoc @meta 1`] = `
{
  "description": "An asset is the smallest unit of user interaction in a player view",
  "meta": {
    "category": "views",
    "screenshot": "/path/image.png",
  },
  "title": "Asset",
}
`;

exports[`Annotations > JSDoc comments to strings 1`] = `
{
  "default": "default value",
  "description": "An asset is the smallest unit of user interaction in a player view",
  "examples": "Example usage of interface Asset",
  "see": "see for implementation details",
  "title": "Asset",
}
`;
